== W7 tgt-slice defs-layer bridge runner ==
cert dir : /home/bepis/prog/verus-cad/tactus-bootstrap/probe-w0/probe20_w7_tgtslice/out/lib/cert
core out : /home/bepis/prog/verus-cad/tactus-bootstrap/tactus-core/out/lib
lean     : /nix/store/93gaj9vsas8frahcxwbry8xvwlgsfivn-lean4-4.25.0/bin/lean

cert                                     positive  kill        wall
----                                     --------  ----        ----
abelianization__commutator.defcert.lean  OK        OK          1165ms
benign__apply_embedding_symbol.defcert.lean OK        OK          1255ms
britton__is_base_word.defcert.lean       OK        OK          1206ms
britton_via_tower__has_pinch.defcert.lean OK        OK          1176ms
britton_via_tower__last_stable_pos.defcert.lean OK        OK          1264ms
britton_via_tower__next_stable.defcert.lean OK        OK          1302ms
britton_via_tower__stable_count.defcert.lean OK        OK          1307ms
britton_via_tower__step_position.defcert.lean OK        OK          1270ms
britton_via_tower__translate_word.defcert.lean OK        OK          1224ms
cohen_cs4d__bet_of_step.defcert.lean     OK        OK          1190ms
cohen_cs4d__is_sigma_image.defcert.lean  OK        OK          1278ms
cohen_cs5_recog__relabel.defcert.lean    OK        OK          1142ms
cohen_h2__is_family_ii.defcert.lean      OK        OK          1204ms
cohen_layer05_probe__l_slice.defcert.lean OK        OK          1228ms
config_reduce__cw_reduce_from.defcert.lean OK        OK          1267ms
conj_free_b__swap_idx.defcert.lean       OK        OK          1212ms
conj_free_core__asum.defcert.lean        OK        OK          1227ms
conj_free_core__asym.defcert.lean        OK        OK          1249ms
conj_free_core__is_b.defcert.lean        OK        OK          1203ms
conj_free_core__pre_pos.defcert.lean     OK        OK          1155ms
conj_free__count1.defcert.lean           OK        OK          1256ms
coset_group__coset_inv.defcert.lean      OK        OK          1251ms
coset_group__coset_mul.defcert.lean      OK        OK          1314ms
f_free_tower__free_stable_family.defcert.lean OK        OK          1266ms
f_free_tower__free_stable_tower.defcert.lean OK        OK          1342ms
h1__h_w_b.defcert.lean                   OK        OK          1249ms
h1__h_w_c.defcert.lean                   OK        OK          1187ms
h2__h2_pres.defcert.lean                 OK        OK          1218ms
h3_ii__family_II_relator.defcert.lean    OK        OK          1311ms
h3_ii__h2_II.defcert.lean                OK        OK          1247ms
higman_consequences__commutes.defcert.lean OK        OK          1211ms
layout__a_base.defcert.lean              OK        OK          1165ms
layout__a_idx.defcert.lean               OK        OK          1297ms
layout__b_base.defcert.lean              OK        OK          1133ms
layout__b_idx.defcert.lean               OK        OK          1240ms
layout__c_base.defcert.lean              OK        OK          1182ms
layout__c_idx.defcert.lean               OK        OK          1189ms
layout__d_idx.defcert.lean               OK        OK          1129ms
layout__h1_num_gens.defcert.lean         OK        OK          1186ms
layout__h2_num_gens.defcert.lean         OK        OK          1193ms
layout__h3_num_gens.defcert.lean         OK        OK          1327ms
layout__k_top.defcert.lean               OK        OK          1297ms
layout__p_idx.defcert.lean               OK        OK          1148ms
m3_blinker__abs_int.defcert.lean         OK        OK          1213ms
m3_blinker__fire_at.defcert.lean         OK        OK          1305ms
m3_blinker__has_redex.defcert.lean       OK        OK          1220ms
machine_group__first_stable_idx.defcert.lean OK        OK          1258ms
machine_group__fl_combined.defcert.lean  OK        OK          1207ms
machine_group__gexp.defcert.lean         OK        OK          1249ms
machine_group__gsconfig.defcert.lean     OK        OK          1279ms
machine_group__hblock.defcert.lean       OK        OK          1253ms
machine_group__is_stable_factor.defcert.lean OK        OK          1278ms
machine_group__is_T_stable_factor.defcert.lean OK        OK          1272ms
machine_group__mm_in_H0.defcert.lean     OK        OK          1214ms
machine_group__mm_reaches.defcert.lean   OK        OK          1381ms
machine_group__stable_factor_count.defcert.lean OK        OK          1319ms
machine_group__stable_subgens.defcert.lean OK        OK          1263ms
machine_group__yl_combined.defcert.lean  OK        OK          1217ms
miller_collapse_reln__col_img_a.defcert.lean OK        OK          1192ms
miller_collapse_reln__col_img_b.defcert.lean OK        OK          1276ms
normal_form_afp_textbook__h_lex_base.defcert.lean OK        OK          1259ms
normal_form_afp_textbook__is_min_a_rcoset_len.defcert.lean OK        OK          1247ms
normal_form_afp_textbook__is_min_a_rcoset_lex.defcert.lean OK        OK          1212ms
normal_form_afp_textbook__is_min_b_rcoset_len.defcert.lean OK        OK          1308ms
normal_form_afp_textbook__is_min_b_rcoset_lex.defcert.lean OK        OK          1280ms
normal_form_afp_textbook__is_min_coset_len.defcert.lean OK        OK          1268ms
normal_form_afp_textbook__is_min_coset_lex.defcert.lean OK        OK          1271ms
normal_form_afp_textbook__is_min_h_lex.defcert.lean OK        OK          1178ms
normal_form_afp_textbook__is_min_h_lex_g2.defcert.lean OK        OK          1227ms
normal_form_afp_textbook__same_action.defcert.lean OK        OK          1292ms
normal_form_afp_textbook__same_a_rcoset.defcert.lean OK        OK          1275ms
normal_form_afp_textbook__same_b_rcoset.defcert.lean OK        OK          1251ms
normal_form_afp_textbook__word_lex_rank_base.defcert.lean OK        OK          1243ms
normal_form_afp_textbook__word_lex_rank.defcert.lean OK        OK          1272ms
normal_form_amalgamated__same_left_coset.defcert.lean OK        OK          1199ms
normal_form_amalgamated__sym_col.defcert.lean OK        OK          1126ms
pa_data__pa_b_base.defcert.lean          OK        OK          1196ms
phi_l_forward__relabel_symbol.defcert.lean OK        OK          1198ms
phi_l_mapb_fwd__is_stable_at.defcert.lean OK        OK          1284ms
pred_britton_via_tower__has_pinch.defcert.lean OK        OK          1180ms
pred_britton_via_tower__last_stable_pos.defcert.lean OK        OK          1286ms
pred_britton_via_tower__next_stable.defcert.lean OK        OK          1207ms
pred_britton_via_tower__stable_count.defcert.lean OK        OK          1359ms
pred_britton_via_tower__step_position.defcert.lean OK        OK          1188ms
pred_britton_via_tower__translate_word.defcert.lean OK        OK          1217ms
pred_normal_form_afp_textbook__h_lex_base.defcert.lean OK        OK          1265ms
pred_normal_form_afp_textbook__is_min_a_rcoset_len.defcert.lean OK        OK          1189ms
pred_normal_form_afp_textbook__is_min_a_rcoset_lex.defcert.lean OK        OK          1271ms
pred_normal_form_afp_textbook__is_min_b_rcoset_len.defcert.lean OK        OK          1302ms
pred_normal_form_afp_textbook__is_min_b_rcoset_lex.defcert.lean OK        OK          1259ms
pred_normal_form_afp_textbook__is_min_coset_len.defcert.lean OK        OK          1168ms
pred_normal_form_afp_textbook__is_min_coset_lex.defcert.lean OK        OK          1209ms
pred_normal_form_afp_textbook__is_min_h_lex.defcert.lean OK        OK          1249ms
pred_normal_form_afp_textbook__is_min_h_lex_g2.defcert.lean OK        OK          1272ms
pred_normal_form_afp_textbook__same_action.defcert.lean OK        OK          1175ms
pred_normal_form_afp_textbook__same_a_rcoset.defcert.lean OK        OK          1265ms
pred_normal_form_afp_textbook__same_b_rcoset.defcert.lean OK        OK          1168ms
pred_normal_form_afp_textbook__word_lex_rank_base.defcert.lean OK        OK          1303ms
pred_normal_form_afp_textbook__word_lex_rank.defcert.lean OK        OK          1363ms
pred_normal_form_amalgamated__same_left_coset_pred.defcert.lean OK        OK          1163ms
pred_presentation__equiv_in_pred_presentation.defcert.lean OK        OK          1196ms
pred_presentation__get_relator_pred.defcert.lean OK        OK          1231ms
presentation__equiv_in_presentation.defcert.lean OK        OK          1187ms
quotient__add_relators.defcert.lean      OK        OK          1364ms
reduction__find_cancellation_from.defcert.lean OK        OK          1324ms
reduction__freely_equivalent.defcert.lean OK        OK          1210ms
reduction__has_cancellation.defcert.lean OK        OK          1219ms
reduction__normal_form.defcert.lean      OK        OK          1241ms
reduction__reduce_at.defcert.lean        OK        OK          1310ms
reduction__reduces_in_steps.defcert.lean OK        OK          1403ms
reduction__reduces_one_step.defcert.lean OK        OK          1310ms
reduction__reduces_to.defcert.lean       OK        OK          1175ms
runtime__runtime_symbol_valid_for_hom.defcert.lean OK        OK          1181ms
shortlex__lex_lt.defcert.lean            OK        OK          1150ms
shortlex__lex_lt_from.defcert.lean       OK        OK          1364ms
shortlex__shortlex_lt.defcert.lean       OK        OK          1190ms
shortlex__symbol_ord.defcert.lean        OK        OK          1342ms
symbol__generator_index.defcert.lean     OK        OK          1287ms
symbol__is_inverse_pair.defcert.lean     OK        OK          1286ms
symbol__symbol_valid.defcert.lean        OK        OK          1114ms
thue__positive_word.defcert.lean         OK        OK          1276ms
thue__thue_chain.defcert.lean            OK        OK          1258ms
thue__thue_equiv.defcert.lean            OK        OK          1307ms
todd_coxeter__inverse_column.defcert.lean OK        OK          1259ms
todd_coxeter__symbol_to_column.defcert.lean OK        OK          1331ms
word__concat.defcert.lean                OK        OK          1172ms
word_numbering_decode__decode_word.defcert.lean OK        OK          1179ms
word_numbering_decode__letter_digit.defcert.lean OK        OK          1232ms
word_numbering__w_b.defcert.lean         OK        OK          1134ms
lib__machine_group__Dir.dtcert.lean      OK        OK          1149ms
lib__pred_presentation__PredDerivationStep.dtcert.lean OK        OK          1166ms
lib__presentation__DerivationStep.dtcert.lean OK        OK          1164ms
lib__runtime__RuntimeSymbol.dtcert.lean  FAIL      VACUOUS     1300ms
  --- positive elaboration output (lib__runtime__RuntimeSymbol.dtcert.lean) ---
  /home/bepis/prog/verus-cad/tactus-bootstrap/probe-w0/probe20_w7_tgtslice/out/lib/cert/lib__runtime__RuntimeSymbol.dtcert.lean:20:123: error: Tactic `decide` proved that the proposition
    lib.dt_eq (lib.render_dt cert_lib__runtime__RuntimeSymbol_raw) cert_lib__runtime__RuntimeSymbol_dtdata = 1
  is false
lib__symbol__Symbol.dtcert.lean          OK        OK          1118ms
lib__todd_coxeter_rt__ScanResult.dtcert.lean OK        OK          1203ms

W7 TGT-SLICE DEF-BRIDGE had FAILURES ✗ (see above — triage: honest scope-gap vs real divergence)
